{
  "annotations": {
    "destructiveHint": true,
    "title": "Delete repository secret"
  },
  "description": "Delete a GitHub Actions secret stored in a repository.",
  "inputSchema": {
    "properties": {
      "name": {
        "description": "Secret name",
        "type": "string"
      },
      "owner": {
        "description": "Repository owner",
        "type": "string"
      },
      "repo": {
        "description": "Repository name",
        "type": "string"
      }
    },
    "required": [
      "owner",
      "repo",
      "name"
    ],
    "type": "object"
  },
  "name": "delete_repository_secret"
}